Array
(
    [POST] => Array
        (
            [action] => save_and_next
            [hero_id] => 3
            [current_index] => 2
            [name_hero] => Ancient Apparition
            [attribute_id] => 3
            [attack_type] => 1
            [complexity] => 2
            [description_hero] => 
            [full_description] => 
            [core] => 0
            [support] => 0
            [burst] => 0
            [control] => 0
            [jungle] => 0
            [tank] => 0
            [escape] => 0
            [siege] => 0
            [initiation] => 0
            [damage] => 
            [attack_interval] => 0
            [range] => 0
            [projectile_speed] => 0
            [armor] => 0
            [magic_resist] => 0
            [move_speed] => 100
            [turn_rate] => 0
            [vision] => 
            [icon_hero] => ancient_apparition.png
            [crop_hero] => Ancient_Apparition.png
        )

    [FILES] => Array
        (
            [icon_file] => Array
                (
                    [name] => 
                    [full_path] => 
                    [type] => 
                    [tmp_name] => 
                    [error] => 4
                    [size] => 0
                )

            [thumbnail_file] => Array
                (
                    [name] => 
                    [full_path] => 
                    [type] => 
                    [tmp_name] => 
                    [error] => 4
                    [size] => 0
                )

        )

    [DOCUMENT_ROOT] => C:/xampp/htdocs
    [src] => /cd-project/butbalanced/src/
    [upload_base] => C:/xampp/htdocs/cd-project/butbalanced/src/
    [upload_base_exists] => 1
)
